engineer@new-3G-36:~$ hbget list-slicing
Unzipped into /home/engineer/src
engineer@new-3G-36:~$ ls
Desktop  Documents  Downloads  Music  Pictures  Public  src  Templates  Videos
engineer@new-3G-36:~$ cd src
engineer@new-3G-36:~/src$ ls
blockly  calculator-1  calculator-2  guessing-game  list-slicing
engineer@new-3G-36:~/src$ cd list-slicing
engineer@new-3G-36:~/src/list-slicing$ ls
further_study.py  list_operations.py
engineer@new-3G-36:~/src/list-slicing$ git init
Initialized empty Git repository in /home/engineer/src/list-slicing/.git/
engineer@new-3G-36:~/src/list-slicing$ git remote add rbarner14 https://github.com/rbarner14/list-slicing.git
engineer@new-3G-36:~/src/list-slicing$ git status
On branch master

No commits yet

Untracked files:
  (use "git add <file>..." to include in what will be committed)

	further_study.py
	list_operations.py

nothing added to commit but untracked files present (use "git add" to track)
engineer@new-3G-36:~/src/list-slicing$ git add -A
engineer@new-3G-36:~/src/list-slicing$ git status
On branch master

No commits yet

Changes to be committed:
  (use "git rm --cached <file>..." to unstage)

	new file:   further_study.py
	new file:   list_operations.py

engineer@new-3G-36:~/src/list-slicing$ git commit -am "Added new files"
[master (root-commit) 5bcab0d] Added new files
 2 files changed, 480 insertions(+)
 create mode 100644 further_study.py
 create mode 100644 list_operations.py
engineer@new-3G-36:~/src/list-slicing$ git push rbarner14 master
Username for 'https://github.com': rbarner14	
Password for 'https://rbarner14@github.com': 
Counting objects: 4, done.
Delta compression using up to 4 threads.
Compressing objects: 100% (4/4), done.
Writing objects: 100% (4/4), 3.27 KiB | 3.27 MiB/s, done.
Total 4 (delta 0), reused 0 (delta 0)
To https://github.com/rbarner14/list-slicing.git
 * [new branch]      master -> master
engineer@new-3G-36:~/src/list-slicing$ git remote add ashleyhma https://github.com/ashleyhma/HB_List_Slicing_Exercise.git
engineer@new-3G-36:~/src/list-slicing$ git status
On branch master
nothing to commit, working tree clean
engineer@new-3G-36:~/src/list-slicing$ git push ashleyhma master
Username for 'https://github.com': ashleyhma
Password for 'https://ashleyhma@github.com': 
Counting objects: 4, done.
Delta compression using up to 4 threads.
Compressing objects: 100% (4/4), done.
Writing objects: 100% (4/4), 3.27 KiB | 3.27 MiB/s, done.
Total 4 (delta 0), reused 0 (delta 0)
To https://github.com/ashleyhma/HB_List_Slicing_Exercise.git
 * [new branch]      master -> master
engineer@new-3G-36:~/src/list-slicing$ git remote add ashleyhma https://github.com/ashleyhma/HB_List_Slicing_Exercise.git^C
engineer@new-3G-36:~/src/list-slicing$ subl list_operations.py
engineer@new-3G-36:~/src/list-slicing$ python3 list_operations.py 
**********************************************************************
File "list_operations.py", line 218, in __main__.delete_middle
Failed example:
    notes == ['Do', 'Re', 'Ti', 'Do']
Expected:
    True
Got:
    False
**********************************************************************
File "list_operations.py", line 201, in __main__.delete_third_and_seventh
Failed example:
    notes == ['Do', 'Re', 'Fa', 'So', 'La', 'Do']
Expected:
    True
Got:
    False
**********************************************************************
File "list_operations.py", line 82, in __main__.first_three
Failed example:
    first_three(['Jan', 'Feb', 'Mar', 'Apr', 'May'])
Expected:
    ['Jan', 'Feb', 'Mar']
Got:
    []
**********************************************************************
File "list_operations.py", line 66, in __main__.init
Failed example:
    init(['Jan', 'Feb', 'Mar'])
Expected:
    ['Jan', 'Feb']
Got:
    []
**********************************************************************
File "list_operations.py", line 121, in __main__.inner_four
Failed example:
    inner_four([0, 3, 6, 9, 12, 15, 18, 21, 24, 27])
Expected:
    [6, 9, 12, 15]
Got:
    []
**********************************************************************
File "list_operations.py", line 137, in __main__.inner_four_end
Failed example:
    inner_four_end([0, 3, 6, 9, 12, 15, 18, 21, 24, 27])
Expected:
    [12, 15, 18, 21]
Got:
    []
**********************************************************************
File "list_operations.py", line 53, in __main__.last
Failed example:
    last(['Jan', 'Feb', 'Mar'])
Expected:
    'Mar'
Got:
    []
**********************************************************************
File "list_operations.py", line 95, in __main__.last_five
Failed example:
    last_five([0, 3, 6, 9, 12, 15, 18, 21, 24, 27])
Expected:
    [15, 18, 21, 24, 27]
Got:
    []
**********************************************************************
File "list_operations.py", line 108, in __main__.middle
Failed example:
    middle([0, 3, 6, 9, 12, 15, 18, 21, 24, 27])
Expected:
    [6, 9, 12, 15, 18, 21]
Got:
    []
**********************************************************************
File "list_operations.py", line 152, in __main__.replace_head
Failed example:
    multiples == [42, 3, 6, 9, 12, 15, 18, 21, 24, 27]
Expected:
    True
Got:
    False
**********************************************************************
File "list_operations.py", line 186, in __main__.replace_middle
Failed example:
    multiples == [0, 3, 42, 37, 24, 27]
Expected:
    True
Got:
    False
**********************************************************************
File "list_operations.py", line 167, in __main__.replace_third_and_last
Failed example:
    multiples == [0, 3, 37, 9, 12, 15, 18, 21, 24, 37]
Expected:
    True
Got:
    False
**********************************************************************
File "list_operations.py", line 40, in __main__.tail
Failed example:
    tail(['Jan', 'Feb', 'Mar'])
Expected:
    ['Feb', 'Mar']
Got:
    []
**********************************************************************
13 items had failures:
   1 of   3 in __main__.delete_middle
   1 of   3 in __main__.delete_third_and_seventh
   1 of   1 in __main__.first_three
   1 of   1 in __main__.init
   1 of   1 in __main__.inner_four
   1 of   1 in __main__.inner_four_end
   1 of   1 in __main__.last
   1 of   1 in __main__.last_five
   1 of   1 in __main__.middle
   1 of   3 in __main__.replace_head
   1 of   3 in __main__.replace_middle
   1 of   3 in __main__.replace_third_and_last
   1 of   1 in __main__.tail
***Test Failed*** 13 failures.
engineer@new-3G-36:~/src/list-slicing$ python3 list_operations.py 
**********************************************************************
File "list_operations.py", line 218, in __main__.delete_middle
Failed example:
    notes == ['Do', 'Re', 'Ti', 'Do']
Expected:
    True
Got:
    False
**********************************************************************
File "list_operations.py", line 201, in __main__.delete_third_and_seventh
Failed example:
    notes == ['Do', 'Re', 'Fa', 'So', 'La', 'Do']
Expected:
    True
Got:
    False
**********************************************************************
File "list_operations.py", line 82, in __main__.first_three
Failed example:
    first_three(['Jan', 'Feb', 'Mar', 'Apr', 'May'])
Expected:
    ['Jan', 'Feb', 'Mar']
Got:
    []
**********************************************************************
File "list_operations.py", line 66, in __main__.init
Failed example:
    init(['Jan', 'Feb', 'Mar'])
Expected:
    ['Jan', 'Feb']
Got:
    []
**********************************************************************
File "list_operations.py", line 121, in __main__.inner_four
Failed example:
    inner_four([0, 3, 6, 9, 12, 15, 18, 21, 24, 27])
Expected:
    [6, 9, 12, 15]
Got:
    []
**********************************************************************
File "list_operations.py", line 137, in __main__.inner_four_end
Failed example:
    inner_four_end([0, 3, 6, 9, 12, 15, 18, 21, 24, 27])
Expected:
    [12, 15, 18, 21]
Got:
    []
**********************************************************************
File "list_operations.py", line 53, in __main__.last
Failed example:
    last(['Jan', 'Feb', 'Mar'])
Expected:
    'Mar'
Got:
    []
**********************************************************************
File "list_operations.py", line 95, in __main__.last_five
Failed example:
    last_five([0, 3, 6, 9, 12, 15, 18, 21, 24, 27])
Expected:
    [15, 18, 21, 24, 27]
Got:
    []
**********************************************************************
File "list_operations.py", line 108, in __main__.middle
Failed example:
    middle([0, 3, 6, 9, 12, 15, 18, 21, 24, 27])
Expected:
    [6, 9, 12, 15, 18, 21]
Got:
    []
**********************************************************************
File "list_operations.py", line 152, in __main__.replace_head
Failed example:
    multiples == [42, 3, 6, 9, 12, 15, 18, 21, 24, 27]
Expected:
    True
Got:
    False
**********************************************************************
File "list_operations.py", line 186, in __main__.replace_middle
Failed example:
    multiples == [0, 3, 42, 37, 24, 27]
Expected:
    True
Got:
    False
**********************************************************************
File "list_operations.py", line 167, in __main__.replace_third_and_last
Failed example:
    multiples == [0, 3, 37, 9, 12, 15, 18, 21, 24, 37]
Expected:
    True
Got:
    False
**********************************************************************
12 items had failures:
   1 of   3 in __main__.delete_middle
   1 of   3 in __main__.delete_third_and_seventh
   1 of   1 in __main__.first_three
   1 of   1 in __main__.init
   1 of   1 in __main__.inner_four
   1 of   1 in __main__.inner_four_end
   1 of   1 in __main__.last
   1 of   1 in __main__.last_five
   1 of   1 in __main__.middle
   1 of   3 in __main__.replace_head
   1 of   3 in __main__.replace_middle
   1 of   3 in __main__.replace_third_and_last
***Test Failed*** 12 failures.
engineer@new-3G-36:~/src/list-slicing$ python3 list_operations.py 
**********************************************************************
File "list_operations.py", line 218, in __main__.delete_middle
Failed example:
    notes == ['Do', 'Re', 'Ti', 'Do']
Expected:
    True
Got:
    False
**********************************************************************
File "list_operations.py", line 201, in __main__.delete_third_and_seventh
Failed example:
    notes == ['Do', 'Re', 'Fa', 'So', 'La', 'Do']
Expected:
    True
Got:
    False
**********************************************************************
File "list_operations.py", line 82, in __main__.first_three
Failed example:
    first_three(['Jan', 'Feb', 'Mar', 'Apr', 'May'])
Expected:
    ['Jan', 'Feb', 'Mar']
Got:
    []
**********************************************************************
File "list_operations.py", line 121, in __main__.inner_four
Failed example:
    inner_four([0, 3, 6, 9, 12, 15, 18, 21, 24, 27])
Expected:
    [6, 9, 12, 15]
Got:
    []
**********************************************************************
File "list_operations.py", line 137, in __main__.inner_four_end
Failed example:
    inner_four_end([0, 3, 6, 9, 12, 15, 18, 21, 24, 27])
Expected:
    [12, 15, 18, 21]
Got:
    []
**********************************************************************
File "list_operations.py", line 95, in __main__.last_five
Failed example:
    last_five([0, 3, 6, 9, 12, 15, 18, 21, 24, 27])
Expected:
    [15, 18, 21, 24, 27]
Got:
    []
**********************************************************************
File "list_operations.py", line 108, in __main__.middle
Failed example:
    middle([0, 3, 6, 9, 12, 15, 18, 21, 24, 27])
Expected:
    [6, 9, 12, 15, 18, 21]
Got:
    []
**********************************************************************
File "list_operations.py", line 152, in __main__.replace_head
Failed example:
    multiples == [42, 3, 6, 9, 12, 15, 18, 21, 24, 27]
Expected:
    True
Got:
    False
**********************************************************************
File "list_operations.py", line 186, in __main__.replace_middle
Failed example:
    multiples == [0, 3, 42, 37, 24, 27]
Expected:
    True
Got:
    False
**********************************************************************
File "list_operations.py", line 167, in __main__.replace_third_and_last
Failed example:
    multiples == [0, 3, 37, 9, 12, 15, 18, 21, 24, 37]
Expected:
    True
Got:
    False
**********************************************************************
10 items had failures:
   1 of   3 in __main__.delete_middle
   1 of   3 in __main__.delete_third_and_seventh
   1 of   1 in __main__.first_three
   1 of   1 in __main__.inner_four
   1 of   1 in __main__.inner_four_end
   1 of   1 in __main__.last_five
   1 of   1 in __main__.middle
   1 of   3 in __main__.replace_head
   1 of   3 in __main__.replace_middle
   1 of   3 in __main__.replace_third_and_last
***Test Failed*** 10 failures.
engineer@new-3G-36:~/src/list-slicing$ python3 list_operations.py 
**********************************************************************
File "list_operations.py", line 218, in __main__.delete_middle
Failed example:
    notes == ['Do', 'Re', 'Ti', 'Do']
Expected:
    True
Got:
    False
**********************************************************************
File "list_operations.py", line 201, in __main__.delete_third_and_seventh
Failed example:
    notes == ['Do', 'Re', 'Fa', 'So', 'La', 'Do']
Expected:
    True
Got:
    False
**********************************************************************
File "list_operations.py", line 121, in __main__.inner_four
Failed example:
    inner_four([0, 3, 6, 9, 12, 15, 18, 21, 24, 27])
Expected:
    [6, 9, 12, 15]
Got:
    []
**********************************************************************
File "list_operations.py", line 137, in __main__.inner_four_end
Failed example:
    inner_four_end([0, 3, 6, 9, 12, 15, 18, 21, 24, 27])
Expected:
    [12, 15, 18, 21]
Got:
    []
**********************************************************************
File "list_operations.py", line 108, in __main__.middle
Failed example:
    middle([0, 3, 6, 9, 12, 15, 18, 21, 24, 27])
Expected:
    [6, 9, 12, 15, 18, 21]
Got:
    []
**********************************************************************
File "list_operations.py", line 152, in __main__.replace_head
Failed example:
    multiples == [42, 3, 6, 9, 12, 15, 18, 21, 24, 27]
Expected:
    True
Got:
    False
**********************************************************************
File "list_operations.py", line 186, in __main__.replace_middle
Failed example:
    multiples == [0, 3, 42, 37, 24, 27]
Expected:
    True
Got:
    False
**********************************************************************
File "list_operations.py", line 167, in __main__.replace_third_and_last
Failed example:
    multiples == [0, 3, 37, 9, 12, 15, 18, 21, 24, 37]
Expected:
    True
Got:
    False
**********************************************************************
8 items had failures:
   1 of   3 in __main__.delete_middle
   1 of   3 in __main__.delete_third_and_seventh
   1 of   1 in __main__.inner_four
   1 of   1 in __main__.inner_four_end
   1 of   1 in __main__.middle
   1 of   3 in __main__.replace_head
   1 of   3 in __main__.replace_middle
   1 of   3 in __main__.replace_third_and_last
***Test Failed*** 8 failures.
engineer@new-3G-36:~/src/list-slicing$ python3 list_operations.py 
**********************************************************************
File "list_operations.py", line 218, in __main__.delete_middle
Failed example:
    notes == ['Do', 'Re', 'Ti', 'Do']
Expected:
    True
Got:
    False
**********************************************************************
File "list_operations.py", line 201, in __main__.delete_third_and_seventh
Failed example:
    notes == ['Do', 'Re', 'Fa', 'So', 'La', 'Do']
Expected:
    True
Got:
    False
**********************************************************************
File "list_operations.py", line 137, in __main__.inner_four_end
Failed example:
    inner_four_end([0, 3, 6, 9, 12, 15, 18, 21, 24, 27])
Expected:
    [12, 15, 18, 21]
Got:
    []
**********************************************************************
File "list_operations.py", line 152, in __main__.replace_head
Failed example:
    multiples == [42, 3, 6, 9, 12, 15, 18, 21, 24, 27]
Expected:
    True
Got:
    False
**********************************************************************
File "list_operations.py", line 186, in __main__.replace_middle
Failed example:
    multiples == [0, 3, 42, 37, 24, 27]
Expected:
    True
Got:
    False
**********************************************************************
File "list_operations.py", line 167, in __main__.replace_third_and_last
Failed example:
    multiples == [0, 3, 37, 9, 12, 15, 18, 21, 24, 37]
Expected:
    True
Got:
    False
**********************************************************************
6 items had failures:
   1 of   3 in __main__.delete_middle
   1 of   3 in __main__.delete_third_and_seventh
   1 of   1 in __main__.inner_four_end
   1 of   3 in __main__.replace_head
   1 of   3 in __main__.replace_middle
   1 of   3 in __main__.replace_third_and_last
***Test Failed*** 6 failures.
engineer@new-3G-36:~/src/list-slicing$ git status
On branch master
Changes not staged for commit:
  (use "git add <file>..." to update what will be committed)
  (use "git checkout -- <file>..." to discard changes in working directory)

	modified:   list_operations.py

no changes added to commit (use "git add" and/or "git commit -a")
engineer@new-3G-36:~/src/list-slicing$ git add
Nothing specified, nothing added.
Maybe you wanted to say 'git add .'?
engineer@new-3G-36:~/src/list-slicing$ git add -a
error: unknown switch `a'
usage: git add [<options>] [--] <pathspec>...

    -n, --dry-run         dry run
    -v, --verbose         be verbose

    -i, --interactive     interactive picking
    -p, --patch           select hunks interactively
    -e, --edit            edit current diff and apply
    -f, --force           allow adding otherwise ignored files
    -u, --update          update tracked files
    --renormalize         renormalize EOL of tracked files (implies -u)
    -N, --intent-to-add   record only the fact that the path will be added later
    -A, --all             add changes from all tracked and untracked files
    --ignore-removal      ignore paths removed in the working tree (same as --no-all)
    --refresh             don't add, only refresh the index
    --ignore-errors       just skip files which cannot be added because of errors
    --ignore-missing      check if - even missing - files are ignored in dry run
    --chmod <(+/-)x>      override the executable bit of the listed files

engineer@new-3G-36:~/src/list-slicing$ git add .
engineer@new-3G-36:~/src/list-slicing$ git status
On branch master
Changes to be committed:
  (use "git reset HEAD <file>..." to unstage)

	modified:   list_operations.py

engineer@new-3G-36:~/src/list-slicing$ git commit -am "Input first 6 problems"
[master a0ba7c0] Input first 6 problems
 1 file changed, 8 insertions(+), 8 deletions(-)
engineer@new-3G-36:~/src/list-slicing$ python3 list_operations.py 
**********************************************************************
File "list_operations.py", line 218, in __main__.delete_middle
Failed example:
    notes == ['Do', 'Re', 'Ti', 'Do']
Expected:
    True
Got:
    False
**********************************************************************
File "list_operations.py", line 201, in __main__.delete_third_and_seventh
Failed example:
    notes == ['Do', 'Re', 'Fa', 'So', 'La', 'Do']
Expected:
    True
Got:
    False
**********************************************************************
File "list_operations.py", line 186, in __main__.replace_middle
Failed example:
    multiples == [0, 3, 42, 37, 24, 27]
Expected:
    True
Got:
    False
**********************************************************************
File "list_operations.py", line 167, in __main__.replace_third_and_last
Failed example:
    multiples == [0, 3, 37, 9, 12, 15, 18, 21, 24, 37]
Expected:
    True
Got:
    False
**********************************************************************
4 items had failures:
   1 of   3 in __main__.delete_middle
   1 of   3 in __main__.delete_third_and_seventh
   1 of   3 in __main__.replace_middle
   1 of   3 in __main__.replace_third_and_last
***Test Failed*** 4 failures.
engineer@new-3G-36:~/src/list-slicing$ python3 list_operations.py 
**********************************************************************
File "list_operations.py", line 218, in __main__.delete_middle
Failed example:
    notes == ['Do', 'Re', 'Ti', 'Do']
Expected:
    True
Got:
    False
**********************************************************************
File "list_operations.py", line 201, in __main__.delete_third_and_seventh
Failed example:
    notes == ['Do', 'Re', 'Fa', 'So', 'La', 'Do']
Expected:
    True
Got:
    False
**********************************************************************
File "list_operations.py", line 167, in __main__.replace_third_and_last
Failed example:
    multiples == [0, 3, 37, 9, 12, 15, 18, 21, 24, 37]
Expected:
    True
Got:
    False
**********************************************************************
3 items had failures:
   1 of   3 in __main__.delete_middle
   1 of   3 in __main__.delete_third_and_seventh
   1 of   3 in __main__.replace_third_and_last
***Test Failed*** 3 failures.
engineer@new-3G-36:~/src/list-slicing$ python3 list_operations.py 
**********************************************************************
File "list_operations.py", line 219, in __main__.delete_middle
Failed example:
    notes == ['Do', 'Re', 'Ti', 'Do']
Expected:
    True
Got:
    False
**********************************************************************
File "list_operations.py", line 202, in __main__.delete_third_and_seventh
Failed example:
    notes == ['Do', 'Re', 'Fa', 'So', 'La', 'Do']
Expected:
    True
Got:
    False
**********************************************************************
2 items had failures:
   1 of   3 in __main__.delete_middle
   1 of   3 in __main__.delete_third_and_seventh
***Test Failed*** 2 failures.
engineer@new-3G-36:~/src/list-slicing$ python3 list_operations.py 
**********************************************************************
File "list_operations.py", line 221, in __main__.delete_middle
Failed example:
    notes == ['Do', 'Re', 'Ti', 'Do']
Expected:
    True
Got:
    False
**********************************************************************
File "list_operations.py", line 203, in __main__.delete_third_and_seventh
Failed example:
    notes == ['Do', 'Re', 'Fa', 'So', 'La', 'Do']
Expected:
    True
Got:
    False
**********************************************************************
File "list_operations.py", line 166, in __main__.replace_third_and_last
Failed example:
    replace_third_and_last(multiples)
Exception raised:
    Traceback (most recent call last):
      File "/usr/lib/python3.6/doctest.py", line 1330, in __run
        compileflags, 1), test.globs)
      File "<doctest __main__.replace_third_and_last[1]>", line 1, in <module>
        replace_third_and_last(multiples)
      File "list_operations.py", line 173, in replace_third_and_last
        input_list[2::7] = 37
    TypeError: must assign iterable to extended slice
**********************************************************************
File "list_operations.py", line 167, in __main__.replace_third_and_last
Failed example:
    multiples == [0, 3, 37, 9, 12, 15, 18, 21, 24, 37]
Expected:
    True
Got:
    False
**********************************************************************
3 items had failures:
   1 of   3 in __main__.delete_middle
   1 of   3 in __main__.delete_third_and_seventh
   2 of   3 in __main__.replace_third_and_last
***Test Failed*** 4 failures.
engineer@new-3G-36:~/src/list-slicing$ python3 list_operations.py 
**********************************************************************
File "list_operations.py", line 221, in __main__.delete_middle
Failed example:
    notes == ['Do', 'Re', 'Ti', 'Do']
Expected:
    True
Got:
    False
**********************************************************************
File "list_operations.py", line 203, in __main__.delete_third_and_seventh
Failed example:
    notes == ['Do', 'Re', 'Fa', 'So', 'La', 'Do']
Expected:
    True
Got:
    False
**********************************************************************
File "list_operations.py", line 166, in __main__.replace_third_and_last
Failed example:
    replace_third_and_last(multiples)
Exception raised:
    Traceback (most recent call last):
      File "/usr/lib/python3.6/doctest.py", line 1330, in __run
        compileflags, 1), test.globs)
      File "<doctest __main__.replace_third_and_last[1]>", line 1, in <module>
        replace_third_and_last(multiples)
      File "list_operations.py", line 173, in replace_third_and_last
        input_list[2::8] = 37
    TypeError: must assign iterable to extended slice
**********************************************************************
File "list_operations.py", line 167, in __main__.replace_third_and_last
Failed example:
    multiples == [0, 3, 37, 9, 12, 15, 18, 21, 24, 37]
Expected:
    True
Got:
    False
**********************************************************************
3 items had failures:
   1 of   3 in __main__.delete_middle
   1 of   3 in __main__.delete_third_and_seventh
   2 of   3 in __main__.replace_third_and_last
***Test Failed*** 4 failures.
engineer@new-3G-36:~/src/list-slicing$ python3 list_operations.py 
**********************************************************************
File "list_operations.py", line 221, in __main__.delete_middle
Failed example:
    notes == ['Do', 'Re', 'Ti', 'Do']
Expected:
    True
Got:
    False
**********************************************************************
File "list_operations.py", line 203, in __main__.delete_third_and_seventh
Failed example:
    notes == ['Do', 'Re', 'Fa', 'So', 'La', 'Do']
Expected:
    True
Got:
    False
**********************************************************************
File "list_operations.py", line 166, in __main__.replace_third_and_last
Failed example:
    replace_third_and_last(multiples)
Exception raised:
    Traceback (most recent call last):
      File "/usr/lib/python3.6/doctest.py", line 1330, in __run
        compileflags, 1), test.globs)
      File "<doctest __main__.replace_third_and_last[1]>", line 1, in <module>
        replace_third_and_last(multiples)
      File "list_operations.py", line 173, in replace_third_and_last
        input_list[2::6] = 37
    TypeError: must assign iterable to extended slice
**********************************************************************
File "list_operations.py", line 167, in __main__.replace_third_and_last
Failed example:
    multiples == [0, 3, 37, 9, 12, 15, 18, 21, 24, 37]
Expected:
    True
Got:
    False
**********************************************************************
3 items had failures:
   1 of   3 in __main__.delete_middle
   1 of   3 in __main__.delete_third_and_seventh
   2 of   3 in __main__.replace_third_and_last
***Test Failed*** 4 failures.
engineer@new-3G-36:~/src/list-slicing$ python3 list_operations.py 
**********************************************************************
File "list_operations.py", line 221, in __main__.delete_middle
Failed example:
    notes == ['Do', 'Re', 'Ti', 'Do']
Expected:
    True
Got:
    False
**********************************************************************
File "list_operations.py", line 203, in __main__.delete_third_and_seventh
Failed example:
    notes == ['Do', 'Re', 'Fa', 'So', 'La', 'Do']
Expected:
    True
Got:
    False
**********************************************************************
File "list_operations.py", line 166, in __main__.replace_third_and_last
Failed example:
    replace_third_and_last(multiples)
Exception raised:
    Traceback (most recent call last):
      File "/usr/lib/python3.6/doctest.py", line 1330, in __run
        compileflags, 1), test.globs)
      File "<doctest __main__.replace_third_and_last[1]>", line 1, in <module>
        replace_third_and_last(multiples)
      File "list_operations.py", line 173, in replace_third_and_last
        input_list[2:-1:7] = 37
    TypeError: must assign iterable to extended slice
**********************************************************************
File "list_operations.py", line 167, in __main__.replace_third_and_last
Failed example:
    multiples == [0, 3, 37, 9, 12, 15, 18, 21, 24, 37]
Expected:
    True
Got:
    False
**********************************************************************
3 items had failures:
   1 of   3 in __main__.delete_middle
   1 of   3 in __main__.delete_third_and_seventh
   2 of   3 in __main__.replace_third_and_last
***Test Failed*** 4 failures.
engineer@new-3G-36:~/src/list-slicing$ python3 list_operations.py ^C
engineer@new-3G-36:~/src/list-slicing$ python3 list_operations.py 
**********************************************************************
File "list_operations.py", line 203, in __main__.delete_third_and_seventh
Failed example:
    notes == ['Do', 'Re', 'Fa', 'So', 'La', 'Do']
Expected:
    True
Got:
    False
**********************************************************************
1 items had failures:
   1 of   3 in __main__.delete_third_and_seventh
***Test Failed*** 1 failures.
engineer@new-3G-36:~/src/list-slicing$ python3 list_operations.py 
**********************************************************************
File "list_operations.py", line 203, in __main__.delete_third_and_seventh
Failed example:
    notes == ['Do', 'Re', 'Fa', 'So', 'La', 'Do']
Expected:
    True
Got:
    False
**********************************************************************
1 items had failures:
   1 of   3 in __main__.delete_third_and_seventh
***Test Failed*** 1 failures.
engineer@new-3G-36:~/src/list-slicing$ python3 list_operations.py 
ALL TESTS PASSED
engineer@new-3G-36:~/src/list-slicing$ python3 list_operations.py 
ALL TESTS PASSED
engineer@new-3G-36:~/src/list-slicing$ Created new window in existing browser session.

engineer@new-3G-36:~/src/list-slicing$ git status
On branch master
Changes not staged for commit:
  (use "git add <file>..." to update what will be committed)
  (use "git checkout -- <file>..." to discard changes in working directory)

	modified:   list_operations.py

no changes added to commit (use "git add" and/or "git commit -a")
engineer@new-3G-36:~/src/list-slicing$ git add *
engineer@new-3G-36:~/src/list-slicing$ ls
further_study.py  list_operations.py
engineer@new-3G-36:~/src/list-slicing$ git status
On branch master
Changes to be committed:
  (use "git reset HEAD <file>..." to unstage)

	modified:   list_operations.py

engineer@new-3G-36:~/src/list-slicing$ git commit -am
error: switch `m' requires a value
usage: git commit [<options>] [--] <pathspec>...

    -q, --quiet           suppress summary after successful commit
    -v, --verbose         show diff in commit message template

Commit message options
    -F, --file <file>     read message from file
    --author <author>     override author for commit
    --date <date>         override date for commit
    -m, --message <message>
                          commit message
    -c, --reedit-message <commit>
                          reuse and edit message from specified commit
    -C, --reuse-message <commit>
                          reuse message from specified commit
    --fixup <commit>      use autosquash formatted message to fixup specified commit
    --squash <commit>     use autosquash formatted message to squash specified commit
    --reset-author        the commit is authored by me now (used with -C/-c/--amend)
    -s, --signoff         add Signed-off-by:
    -t, --template <file>
                          use specified template file
    -e, --edit            force edit of commit
    --cleanup <default>   how to strip spaces and #comments from message
    --status              include status in commit message template
    -S, --gpg-sign[=<key-id>]
                          GPG sign commit

Commit contents options
    -a, --all             commit all changed files
    -i, --include         add specified files to index for commit
    --interactive         interactively add files
    -p, --patch           interactively add changes
    -o, --only            commit only specified files
    -n, --no-verify       bypass pre-commit and commit-msg hooks
    --dry-run             show what would be committed
    --short               show status concisely
    --branch              show branch information
    --ahead-behind        compute full ahead/behind values
    --porcelain           machine-readable output
    --long                show status in long format (default)
    -z, --null            terminate entries with NUL
    --amend               amend previous commit
    --no-post-rewrite     bypass post-rewrite hook
    -u, --untracked-files[=<mode>]
                          show untracked files, optional modes: all, normal, no. (Default: all)

engineer@new-3G-36:~/src/list-slicing$ git commit -am "Submit all problems"
[master e6ab879] Submit all problems
 1 file changed, 12 insertions(+), 6 deletions(-)
engineer@new-3G-36:~/src/list-slicing$ git remote 
ashleyhma
rbarner14
engineer@new-3G-36:~/src/list-slicing$ git push rbarner14 master
Username for 'https://github.com': rbarner14
Password for 'https://rbarner14@github.com': 
Counting objects: 6, done.
Delta compression using up to 4 threads.
Compressing objects: 100% (6/6), done.
Writing objects: 100% (6/6), 909 bytes | 454.00 KiB/s, done.
Total 6 (delta 4), reused 0 (delta 0)
remote: Resolving deltas: 100% (4/4), completed with 2 local objects.
To https://github.com/rbarner14/list-slicing.git
   5bcab0d..e6ab879  master -> master
engineer@new-3G-36:~/src/list-slicing$ git push ashleyhma master
Username for 'https://github.com': ashleyhma
Password for 'https://ashleyhma@github.com': 
Counting objects: 6, done.
Delta compression using up to 4 threads.
Compressing objects: 100% (6/6), done.
Writing objects: 100% (6/6), 909 bytes | 454.00 KiB/s, done.
Total 6 (delta 4), reused 0 (delta 0)
remote: Resolving deltas: 100% (4/4), completed with 2 local objects.
To https://github.com/ashleyhma/HB_List_Slicing_Exercise.git
   5bcab0d..e6ab879  master -> master
engineer@new-3G-36:~/src/list-slicing$ ^C
engineer@new-3G-36:~/src/list-slicing$ script output.txt
Script started, file is output.txt
engineer@new-3G-36:~/src/list-slicing$ ls
further_study.py  list_operations.py  output.txt
engineer@new-3G-36:~/src/list-slicing$ open output.txt
Couldn't get a file descriptor referring to the console
engineer@new-3G-36:~/src/list-slicing$ subl output.txt
engineer@new-3G-36:~/src/list-slicing$ ^C
engineer@new-3G-36:~/src/list-slicing$ 

